CASE qualification_topology_baseline: ne=74641 ndof=90601 newton=11 residual=8.981e-14 Wprime=1.024594e-01
CASE qualification_topology_route_1_minus: ne=74641 ndof=90601 newton=2 residual=1.233e-09 Wprime=1.030589e-01
CASE qualification_topology_route_1_minus_current_1_minus: ne=74641 ndof=90601 newton=2 residual=1.116e-09 Wprime=1.015244e-01
CASE qualification_topology_route_1_minus_current_1_plus: ne=74641 ndof=90601 newton=2 residual=1.200e-09 Wprime=1.046063e-01
CASE qualification_topology_route_1_minus_current_2_minus: ne=74641 ndof=90601 newton=3 residual=8.756e-14 Wprime=1.024656e-01
CASE qualification_topology_route_1_minus_current_2_plus: ne=74641 ndof=90601 newton=2 residual=9.946e-09 Wprime=1.036654e-01
CASE qualification_topology_route_1_plus: ne=74641 ndof=90601 newton=2 residual=1.062e-09 Wprime=1.018819e-01
CASE qualification_topology_route_1_plus_current_1_minus: ne=74641 ndof=90601 newton=2 residual=1.192e-09 Wprime=1.003677e-01
CASE qualification_topology_route_1_plus_current_1_plus: ne=74641 ndof=90601 newton=2 residual=1.061e-09 Wprime=1.034090e-01
CASE qualification_topology_route_1_plus_current_2_minus: ne=74641 ndof=90601 newton=3 residual=9.976e-09 Wprime=1.012887e-01
CASE qualification_topology_route_1_plus_current_2_plus: ne=74641 ndof=90601 newton=2 residual=9.946e-09 Wprime=1.024885e-01
CASE qualification_topology_route_2_minus: ne=74641 ndof=90601 newton=2 residual=1.164e-13 Wprime=1.024741e-01
CASE qualification_topology_route_2_minus_current_1_minus: ne=74641 ndof=90601 newton=2 residual=1.144e-09 Wprime=1.009491e-01
CASE qualification_topology_route_2_minus_current_1_plus: ne=74641 ndof=90601 newton=2 residual=1.063e-09 Wprime=1.040120e-01
CASE qualification_topology_route_2_minus_current_2_minus: ne=74641 ndof=90601 newton=3 residual=9.821e-09 Wprime=1.018824e-01
CASE qualification_topology_route_2_minus_current_2_plus: ne=74641 ndof=90601 newton=2 residual=9.947e-09 Wprime=1.030793e-01
CASE qualification_topology_route_2_plus: ne=74641 ndof=90601 newton=2 residual=1.065e-13 Wprime=1.024453e-01
CASE qualification_topology_route_2_plus_current_1_minus: ne=74641 ndof=90601 newton=2 residual=1.143e-09 Wprime=1.009218e-01
CASE qualification_topology_route_2_plus_current_1_plus: ne=74641 ndof=90601 newton=2 residual=1.062e-09 Wprime=1.039815e-01
CASE qualification_topology_route_2_plus_current_2_minus: ne=74641 ndof=90601 newton=3 residual=5.066e-09 Wprime=1.018505e-01
CASE qualification_topology_route_2_plus_current_2_plus: ne=74641 ndof=90601 newton=2 residual=9.934e-09 Wprime=1.030532e-01
CASE qualification_topology_route_3_minus: ne=74641 ndof=90601 newton=2 residual=1.402e-10 Wprime=1.028884e-01
CASE qualification_topology_route_3_minus_current_1_minus: ne=74641 ndof=90601 newton=2 residual=1.143e-09 Wprime=1.013597e-01
CASE qualification_topology_route_3_minus_current_1_plus: ne=74641 ndof=90601 newton=2 residual=1.063e-09 Wprime=1.044298e-01
CASE qualification_topology_route_3_minus_current_2_minus: ne=74641 ndof=90601 newton=2 residual=8.125e-09 Wprime=1.022871e-01
CASE qualification_topology_route_3_minus_current_2_plus: ne=74641 ndof=90601 newton=3 residual=5.330e-09 Wprime=1.035029e-01
CASE qualification_topology_route_3_plus: ne=74641 ndof=90601 newton=2 residual=1.204e-10 Wprime=1.020463e-01
CASE qualification_topology_route_3_plus_current_1_minus: ne=74641 ndof=90601 newton=2 residual=1.144e-09 Wprime=1.005263e-01
CASE qualification_topology_route_3_plus_current_1_plus: ne=74641 ndof=90601 newton=2 residual=1.062e-09 Wprime=1.035790e-01
CASE qualification_topology_route_3_plus_current_2_minus: ne=74641 ndof=90601 newton=4 residual=1.004e-08 Wprime=1.014606e-01
CASE qualification_topology_route_3_plus_current_2_plus: ne=74641 ndof=90601 newton=2 residual=8.912e-09 Wprime=1.026451e-01
BFM5_TCZ1KQ_SHARD={"case": "fine_grid", "kind": "topology", "qualification_sha256": "eb0e50b825f6700d4ff886d91655cf48cef9e818d6d832a6f0e995d84312439f", "wall_s": 1913.936155594}
